---
source: src/secp256k1/crypto.rs
expression: signature

---
Signature {
    r: BigUint {
        data: [
            11874953469058003620,
            16704089943962225621,
            5509877025105711965,
            15817134460319245706,
        ],
    },
    s: BigUint {
        data: [
            11592329467545065003,
            12950490178890555505,
            9395128666611346773,
            5984018298195652891,
        ],
    },
}
